0 verbose cli C:\Program Files\nodejs\node.exe C:\Users\Levi\AppData\Roaming\npm\node_modules\npm\bin\npm-cli.js
1 info using npm@12.0.1
2 info using node@v24.18.0
3 silly config load:file:C:\Users\Levi\AppData\Roaming\npm\node_modules\npm\npmrc
4 silly config load:file:C:\Users\Levi\Documents\GitHub\elevateballers\.npmrc
5 silly config load:file:C:\Users\Levi\.npmrc
6 silly config load:file:C:\Users\Levi\AppData\Roaming\npm\etc\npmrc
7 verbose title npm test --run src/features/settings/application/__tests__/matchPageSettings.test.ts src/features/matches/domain/usecases/__tests__/match-detail-leaders.test.ts src/features/stats/domain/usecases/__tests__/configured-leader-categories.test.ts
8 verbose argv "test" "--" "--run" "src/features/settings/application/__tests__/matchPageSettings.test.ts" "src/features/matches/domain/usecases/__tests__/match-detail-leaders.test.ts" "src/features/stats/domain/usecases/__tests__/configured-leader-categories.test.ts"
9 verbose logfile logs-max:10 dir:C:\Users\Levi\Documents\GitHub\elevateballers\${HOME}\.npm\_logs\2026-08-08T23_39_31_063Z-
10 verbose logfile C:\Users\Levi\Documents\GitHub\elevateballers\${HOME}\.npm\_logs\2026-08-08T23_39_31_063Z-debug-0.log
11 silly logfile start cleaning logs, removing 1 files
12 silly logfile done cleaning log files
13 notice run elevateballers@0.0.1 test
14 notice run vitest run --run src/features/settings/application/__tests__/matchPageSettings.test.ts src/features/matches/domain/usecases/__tests__/match-detail-leaders.test.ts src/features/stats/domain/usecases/__tests__/configured-leader-categories.test.ts
15 verbose cwd C:\Users\Levi\Documents\GitHub\elevateballers
16 verbose os Windows_NT 10.0.26200
17 verbose node v24.18.0
18 verbose npm  v12.0.1
19 verbose exit 0
20 info ok
