0 verbose cli C:\Program Files\nodejs\node.exe C:\Users\Levi\AppData\Roaming\npm\node_modules\npm\bin\npm-cli.js
1 info using npm@12.0.1
2 info using node@v24.18.0
3 silly config load:file:C:\Users\Levi\AppData\Roaming\npm\node_modules\npm\npmrc
4 silly config load:file:C:\Users\Levi\Documents\GitHub\elevateballers\.npmrc
5 silly config load:file:C:\Users\Levi\.npmrc
6 silly config load:file:C:\Users\Levi\AppData\Roaming\npm\etc\npmrc
7 verbose title npm run verify:phase6:production
8 verbose argv "run" "verify:phase6:production"
9 verbose logfile logs-max:10 dir:C:\Users\Levi\Documents\GitHub\elevateballers\${HOME}\.npm\_logs\2026-07-29T05_48_44_057Z-
10 verbose logfile C:\Users\Levi\Documents\GitHub\elevateballers\${HOME}\.npm\_logs\2026-07-29T05_48_44_057Z-debug-0.log
11 silly logfile start cleaning logs, removing 1 files
12 silly logfile done cleaning log files
13 notice run elevateballers@0.0.1 verify:phase6:production
14 notice run tsx scripts/verify-phase6-production.ts
15 verbose cwd C:\Users\Levi\Documents\GitHub\elevateballers
16 verbose os Windows_NT 10.0.26200
17 verbose node v24.18.0
18 verbose npm  v12.0.1
19 verbose exit 0
20 info ok
