0 verbose cli C:\Program Files\nodejs\node.exe C:\Users\Levi\AppData\Roaming\npm\node_modules\npm\bin\npm-cli.js
1 info using npm@12.0.1
2 info using node@v24.18.0
3 silly config load:file:C:\Users\Levi\AppData\Roaming\npm\node_modules\npm\npmrc
4 silly config load:file:c:\Users\Levi\Documents\GitHub\elevateballers\.npmrc
5 silly config load:file:C:\Users\Levi\.npmrc
6 silly config load:file:C:\Users\Levi\AppData\Roaming\npm\etc\npmrc
7 verbose title npm view @hookform/resolvers description dist-tags.latest homepage version time
8 verbose argv "view" "--json" "--" "@hookform/resolvers" "description" "dist-tags.latest" "homepage" "version" "time"
9 verbose logfile logs-max:10 dir:c:\Users\Levi\Documents\GitHub\elevateballers\${HOME}\.npm\_logs\2026-08-01T22_44_23_949Z-
10 verbose logfile c:\Users\Levi\Documents\GitHub\elevateballers\${HOME}\.npm\_logs\2026-08-01T22_44_23_949Z-debug-0.log
11 silly logfile start cleaning logs, removing 1 files
12 silly logfile done cleaning log files
13 http cache https://registry.npmjs.org/@hookform%2fresolvers 103ms (cache hit)
14 verbose cwd c:\Users\Levi\Documents\GitHub\elevateballers
15 verbose os Windows_NT 10.0.26200
16 verbose node v24.18.0
17 verbose npm  v12.0.1
18 verbose exit 0
19 info ok
