0 verbose cli C:\Program Files\nodejs\node.exe C:\Users\Levi\AppData\Roaming\npm\node_modules\npm\bin\npm-cli.js
1 info using npm@12.0.1
2 info using node@v24.18.0
3 silly config load:file:C:\Users\Levi\AppData\Roaming\npm\node_modules\npm\npmrc
4 silly config load:file:C:\Users\Levi\Documents\GitHub\elevateballers\.npmrc
5 silly config load:file:C:\Users\Levi\.npmrc
6 silly config load:file:C:\Users\Levi\AppData\Roaming\npm\etc\npmrc
7 verbose title npm run check
8 verbose argv "run" "check"
9 verbose logfile logs-max:10 dir:C:\Users\Levi\Documents\GitHub\elevateballers\${HOME}\.npm\_logs\2026-07-25T12_49_10_524Z-
10 verbose logfile C:\Users\Levi\Documents\GitHub\elevateballers\${HOME}\.npm\_logs\2026-07-25T12_49_10_524Z-debug-0.log
11 silly logfile start cleaning logs, removing 1 files
12 silly logfile done cleaning log files
13 verbose stack Error: Missing script: "check"
13 verbose stack
13 verbose stack To see a list of scripts, run:
13 verbose stack   npm run
13 verbose stack     at #run (C:\Users\Levi\AppData\Roaming\npm\node_modules\npm\lib\commands\run.js:114:13)
13 verbose stack     at async RunScript.exec (C:\Users\Levi\AppData\Roaming\npm\node_modules\npm\lib\commands\run.js:44:7)
13 verbose stack     at async Npm.exec (C:\Users\Levi\AppData\Roaming\npm\node_modules\npm\lib\npm.js:194:9)
13 verbose stack     at async module.exports (C:\Users\Levi\AppData\Roaming\npm\node_modules\npm\lib\cli\entry.js:67:5)
14 error Missing script: "check"
14 error
14 error To see a list of scripts, run:
14 error   npm run
15 verbose cwd C:\Users\Levi\Documents\GitHub\elevateballers
16 verbose os Windows_NT 10.0.26200
17 verbose node v24.18.0
18 verbose npm  v12.0.1
19 verbose exit 1
20 verbose code 1
21 error A complete log of this run can be found in: C:\Users\Levi\Documents\GitHub\elevateballers\${HOME}\.npm\_logs\2026-07-25T12_49_10_524Z-debug-0.log
