0 verbose cli C:\Program Files\nodejs\node.exe C:\Users\Levi\AppData\Roaming\npm\node_modules\npm\bin\npm-cli.js
1 info using npm@12.0.1
2 info using node@v24.18.0
3 silly config load:file:C:\Users\Levi\AppData\Roaming\npm\node_modules\npm\npmrc
4 silly config load:file:C:\Users\Levi\Documents\GitHub\elevateballers\.npmrc
5 silly config load:file:C:\Users\Levi\.npmrc
6 silly config load:file:C:\Users\Levi\AppData\Roaming\npm\etc\npmrc
7 verbose title npm exec eslint src/features/media/presentation/admin/MediaLibraryPicker.tsx src/features/cms/presentation/components/MediaLibraryPicker.tsx src/features/media/presentation/v2/MediaLibraryV2.tsx
8 verbose argv "exec" "--" "eslint" "src/features/media/presentation/admin/MediaLibraryPicker.tsx" "src/features/cms/presentation/components/MediaLibraryPicker.tsx" "src/features/media/presentation/v2/MediaLibraryV2.tsx"
9 verbose logfile logs-max:10 dir:C:\Users\Levi\Documents\GitHub\elevateballers\${HOME}\.npm\_logs\2026-07-31T14_46_55_248Z-
10 verbose logfile C:\Users\Levi\Documents\GitHub\elevateballers\${HOME}\.npm\_logs\2026-07-31T14_46_55_248Z-debug-0.log
11 silly logfile start cleaning logs, removing 1 files
12 silly logfile done cleaning log files
13 notice run elevateballers@0.0.1 npx
14 notice run eslint src/features/media/presentation/admin/MediaLibraryPicker.tsx src/features/cms/presentation/components/MediaLibraryPicker.tsx src/features/media/presentation/v2/MediaLibraryV2.tsx
15 verbose cwd C:\Users\Levi\Documents\GitHub\elevateballers
16 verbose os Windows_NT 10.0.26200
17 verbose node v24.18.0
18 verbose npm  v12.0.1
19 verbose exit 1
20 verbose code 1
