0 verbose cli C:\Program Files\nodejs\node.exe C:\Users\Levi\AppData\Roaming\npm\node_modules\npm\bin\npm-cli.js
1 info using npm@12.0.1
2 info using node@v24.18.0
3 silly config load:file:C:\Users\Levi\AppData\Roaming\npm\node_modules\npm\npmrc
4 silly config load:file:C:\Users\Levi\Documents\GitHub\elevateballers\.npmrc
5 silly config load:file:C:\Users\Levi\.npmrc
6 silly config load:file:C:\Users\Levi\AppData\Roaming\npm\etc\npmrc
7 verbose title npm ls react react-dom @astrojs/react
8 verbose argv "ls" "react" "react-dom" "@astrojs/react" "--depth" "3"
9 verbose logfile logs-max:10 dir:C:\Users\Levi\Documents\GitHub\elevateballers\${HOME}\.npm\_logs\2026-07-31T19_08_32_088Z-
10 verbose logfile C:\Users\Levi\Documents\GitHub\elevateballers\${HOME}\.npm\_logs\2026-07-31T19_08_32_088Z-debug-0.log
11 silly logfile start cleaning logs, removing 1 files
12 silly packumentCache heap:4496293888 maxSize:1124073472 maxEntrySize:562036736
13 silly logfile done cleaning log files
14 verbose shrinkwrap failed to load node_modules/.package-lock.json out of date, updated: node_modules
15 verbose cwd C:\Users\Levi\Documents\GitHub\elevateballers
16 verbose os Windows_NT 10.0.26200
17 verbose node v24.18.0
18 verbose npm  v12.0.1
19 verbose exit 0
20 info ok
